=== Remote: /tmp/rclone.log | Time: 2025-12-27 17:49:22 ===
log content

=== Remote: /tmp/docker_image_check.log | Time: 2025-12-27 18:02:59 ===
log content

=== Remote: /tmp/docker_load.log | Time: 2025-12-27 18:03:13 ===
log content

=== Remote: /tmp/docker_image_check.log | Time: 2025-12-27 18:17:17 ===
log content

=== Remote: /tmp/docker_load.log | Time: 2025-12-27 18:17:30 ===
log content

=== Remote: /tmp/docker_image_check.log | Time: 2025-12-27 18:25:52 ===
log content

=== Remote: /tmp/docker_load.log | Time: 2025-12-27 18:27:20 ===
log content

=== Remote: /tmp/docker_image_check.log | Time: 2025-12-27 18:35:22 ===
log content

=== Remote: /tmp/docker_load.log | Time: 2025-12-27 18:36:49 ===
log content

=== Remote: /tmp/rclone.log | Time: 2025-12-27 18:44:27 ===
log content

=== Remote: /tmp/docker_image_check.log | Time: 2025-12-27 18:44:57 ===
log content

=== Remote: /tmp/docker_load.log | Time: 2025-12-27 18:46:28 ===
log content

=== Remote: /tmp/docker_image_check.log | Time: 2025-12-27 18:49:27 ===
log content

=== Remote: /tmp/rclone.log | Time: 2025-12-27 18:51:45 ===
log content

=== Remote: /tmp/docker_image_check.log | Time: 2025-12-27 18:54:01 ===
log content

=== Remote: /tmp/docker_load.log | Time: 2025-12-27 18:55:45 ===
log content

=== Remote: /tmp/rclone.log | Time: 2025-12-27 19:03:28 ===
log content

=== Remote: /tmp/docker_image_check.log | Time: 2025-12-27 19:04:24 ===
log content

=== Remote: /tmp/docker_load.log | Time: 2025-12-27 19:05:51 ===
log content

=== Remote: /tmp/docker_load.log | Time: 2025-12-27 19:18:53 ===
log content

=== Remote: /tmp/docker_run.log | Time: 2025-12-27 19:20:53 ===
log content

=== Remote: /tmp/docker_run.log | Time: 2025-12-27 19:24:29 ===
log content

=== Remote: /tmp/docker_run_simple.log | Time: 2025-12-27 19:34:10 ===
log content

